[web/index.html]
[backblue.gif]
[fade.gif]
[index.html]
[web/images/1798.png]
[web/images/styles.css]
[web/images/slick.css]
[web/images/style.css]
[web/images/jquery-1.10.2.min.js]
[web/images/validation.js]
[web/images/ab.min.js]
[web/images/timer.js]
[web/images/slick.min.js]
[web/images/script.js]
[web/images/favicon.ico]
[web/images/func45c4.js]
[web/images/unload_submit1679.js]
[web/images/logo.png]
[web/images/tov-1.jpg]
[web/images/lips-1.jpg]
[web/images/lips-2.jpg]
[web/images/lips-3.jpg]
[web/images/lips-4.jpg]
[web/images/tov-2.jpg]
[web/images/ph-1.jpg]
[web/images/ph-4.jpg]
[web/images/ph-3.jpg]
[web/images/ph-2.jpg]
[web/images/rev-1.jpg]
[web/images/rev-2.jpg]
[web/images/rev-3.jpg]
[web/images/rekv.png]
[web/images/logo.jpg]
[web/privacypolicy.html]
[web/images/stylec4ca.css]
[web/images/scriptc81e.js]
[web/images/mtrk.js]
[web/index.html]
[web/images/style-2.css]
[web/privacypolicy.html]
[web/images/validation.js]
[web/images/jquery-1.10.2.min.js]
[web/images/tov-1.jpg]
[web/images/ab.min.js]
[web/images/lips-1.jpg]
[web/images/lips-2.jpg]
[web/images/lips-3.jpg]
[web/images/lips-4.jpg]
[web/images/tov-2.jpg]
[web/images/subset-museosanscyrl-300.woff2]
[web/images/ph-1.jpg]
[web/images/ph-4.jpg]
[web/images/ph-3.jpg]
[web/images/ph-2.jpg]
[web/images/rev-1.jpg]
[web/images/subset-museosanscyrl-300.woff]
[web/images/rev-2.jpg]
[web/images/rev-3.jpg]
[web/images/rekv.png]
[web/images/logo.jpg]
[web/images/subset-museosanscyrl-300.25.delayed]
[web/images/subset-museosanscyrl-300.woff]
[web/images/mtrk.js]
[web/images/subset-museosanscyrl-500.woff2]
[web/images/subset-museosanscyrl-500.woff]
[web/images/subset-museosanscyrl-500.ttf]
[web/images/subset-museosanscyrl-700.woff2]
[web/images/subset-museosanscyrl-700.woff]
[web/images/subset-museosanscyrl-700.ttf]
[web/images/styles.css]
[web/images/but-sl.png]
[web/images/slick.css]
[web/images/bg-1.jpg]
[web/images/bg-1r.jpg]
[web/images/bg-2.jpg]
[web/images/bg-3.jpg]
[web/images/gift-icon.png]
[web/images/sert.jpg]
[web/images/bg-1-990.jpg]
[web/images/bg-1r-990.jpg]
[web/images/sert.jpg]
[web/images/bg-2-660.jpg]
[web/images/bg-1-990.jpg]
[web/images/style.css]
[web/favicon.html]
[web/privacypolicy.html]
[web/images/stylec4ca.css]
[web/images/style-2.css]
[web/images/bg.png]
[web/gift-icon.html]
